2020-07-30 10:53:02,860 584
2020-07-30 10:53:02,944 584
